Microsoft (R) Macro Assembler Version 5.10                  2/20/19 20:39:16
                                                             Page     1-1


       1 0000				SSEG SEGMENT PARA STACK 'STACK'
       2 0000  0064[				db 100 dup(0)
       3	   00			
       4			 ]	
       5				
       6 0064				SSEG ENDS
       7				
       8 0000				DSEGA SEGMENT para public 'DATA'
       9 0000  41				A db 'A'
      10 0001				DSEGA ENDS
      11				
      12 0000				DSEGB SEGMENT para public 'DATA'
      13 0000  42				B db 'B'
      14 0001				DSEGB ENDS
      15				
      16 0000				CSEG SEGMENT para public 'CODE'
      17					assume CS:CSEG, DS:DSEGA, SS:SS
					EG	
      18				
      19 0000				ExitProcess:
      20 0000  B8 4C00				mov ax, 4C00h
      21 0003  CD 21				int 21h
      22				
      23 0005				main:
      24 0005  B8 ---- R			mov AX, DSEGA
      25 0008  8E D8				MOV DS, AX
      26					
      27 000A  EB F4				jmp ExitProcess
      28 000C				CSEG ENDS
      29				END main
Microsoft (R) Macro Assembler Version 5.10                  2/20/19 20:39:16
                                                             Symbols-1


Segments and Groups:

                N a m e         	Length	 Align	Combine Class

CSEG . . . . . . . . . . . . . .  	000C	PARA	PUBLIC	'CODE'
DSEGA  . . . . . . . . . . . . .  	0001	PARA	PUBLIC	'DATA'
DSEGB  . . . . . . . . . . . . .  	0001	PARA	PUBLIC	'DATA'
SSEG . . . . . . . . . . . . . .  	0064	PARA	STACK	'STACK'

Symbols:            

                N a m e         	Type	 Value	 Attr

A  . . . . . . . . . . . . . . .  	L BYTE	0000	DSEGA

B  . . . . . . . . . . . . . . .  	L BYTE	0000	DSEGB

EXITPROCESS  . . . . . . . . . .  	L NEAR	0000	CSEG

MAIN . . . . . . . . . . . . . .  	L NEAR	0005	CSEG

@CPU . . . . . . . . . . . . . .  	TEXT  0101h		
@FILENAME  . . . . . . . . . . .  	TEXT  main		
@VERSION . . . . . . . . . . . .  	TEXT  510		


     26 Source  Lines
     26 Total   Lines
     20 Symbols

  46704 + 447404 Bytes symbol space free

      0 Warning Errors
      0 Severe  Errors
