Microsoft (R) Macro Assembler Version 5.10                  2/11/19 20:28:50
                                                             Page     1-1


       1				;1. HАБРАТЬ ПРОГРАММУ
       2				;  ******************************
       3				;  *   Лабораторная работа N1   *
       4				;  *   Изучение отладчика AFD   *
       5				;  ******************************
       6				;  ------------------------------
       7				; Примечание: Программа выводит на дисп
					лей сообщение и
       8				;             и ожидает  нажатия клавиш
					и , код символа
       9				;             помещается в регистр AL
      10				; Справка...: DS:DX - адрес строки;
      11				;             Функции DOS :
      12				;             09h выдать на дисплей стр
					оку,
      13				;             07h ввести символ без эха
					,
      14				;             4Ch завершить процесс ;
      15				;             INT 21h - вызов  функции 
					DOS
      16				;
      17 0000				StkSeg  SEGMENT PARA STACK 'STACK'
      18 0000  0200[			        DB      200h DUP (?)
      19	   ??			
      20			 ]	
      21				
      22 0200				StkSeg  ENDS
      23				;
      24 0000				DataS   SEGMENT WORD 'DATA'
      25 0000  0D			HelloMessage    DB   13                
					;курсор поместить в нач. строки
      26 0001  0A			                DB   10                
					;перевести курсор на нов. строку
      27 0002  48 65 6C 6C 6F 2C	                DB   'Hello, world !'  
					;текст сообщения
      28       20 77 6F 72 6C 64	
      29       20 21			
      30 0010  24			                DB   '$'               
					;ограничитель для функции DOS
      31 0011				DataS   ENDS
      32				;
      33 0000				Code    SEGMENT WORD 'CODE'
      34				        ASSUME  CS:Code, DS:DataS
      35 0000				DispMsg:
      36 0000  B8 ---- R		        mov   AX,DataS                 
					;загрузка в AX адреса сегмента данных
      37 0003  8E D8			        mov   DS,AX                    
					;установка DS
      38 0005  BA 0000 R		        mov   DX,OFFSET HelloMessage   
					;DS:DX - адрес строки
      39 0008  B4 09			        mov   AH,9                     
					;АН=09h выдать на дисплей строку
      40 000A  CD 21			        int   21h                      
					;вызов  функции DOS
Microsoft (R) Macro Assembler Version 5.10                  2/11/19 20:28:50
                                                             Page     1-2


      41 000C  B4 07			        mov   AH,7                     
					;АН=07h ввести символ без эха
      42 000E  CD 21			        INT   21h                      
					;вызов  функции DOS
      43 0010  B4 4C			        mov   AH,4Ch                   
					;АН=4Ch завершить процесс
      44 0012  CD 21			        int   21h                      
					;вызов  функции DOS
      45 0014				Code    ENDS
      46				        END   DispMsg
Microsoft (R) Macro Assembler Version 5.10                  2/11/19 20:28:50
                                                             Symbols-1


Segments and Groups:

                N a m e         	Length	 Align	Combine Class

CODE . . . . . . . . . . . . . .  	0014	WORD	NONE	'CODE'
DATAS  . . . . . . . . . . . . .  	0011	WORD	NONE	'DATA'
STKSEG . . . . . . . . . . . . .  	0200	PARA	STACK	'STACK'

Symbols:            

                N a m e         	Type	 Value	 Attr

DISPMSG  . . . . . . . . . . . .  	L NEAR	0000	CODE

HELLOMESSAGE . . . . . . . . . .  	L BYTE	0000	DATAS

@CPU . . . . . . . . . . . . . .  	TEXT  0101h		
@FILENAME  . . . . . . . . . . .  	TEXT  MAIN		
@VERSION . . . . . . . . . . . .  	TEXT  510		


     41 Source  Lines
     41 Total   Lines
     12 Symbols

  46688 + 445420 Bytes symbol space free

      0 Warning Errors
      0 Severe  Errors
